
Merging program properties

Removed property 0xc0000002 to merge inithead.o (0x3) and imginithead.o (not found)
Removed property 0xc0000002 to merge inithead.o (not found) and vgastr.o (0x3)

Discarded input sections

 .group         0x0000000000000000        0x8 inithead.o
 .group         0x0000000000000000        0x8 inithead.o
 .note.gnu.property
                0x0000000000000000       0x1c inithead.o
 .group         0x0000000000000000        0x8 vgastr.o
 .group         0x0000000000000000        0x8 vgastr.o
 .note.gnu.property
                0x0000000000000000       0x1c vgastr.o

Memory Configuration

Name             Origin             Length             Attributes
*default*        0x0000000000000000 0xffffffffffffffff

Linker script and memory map

                0x0000000004000000                . = 0x4000000
                0x0000000004000000                __start_ldr = .
                0x0000000004000000                __begin_start_text = .

.start.text
 *(.start.text)
                0x0000000004000000                __end_start_text = .
                0x0000000004090000                //. = (0x90000 + .)
                0x0000000004000000                __begin_text = .

.text           0x0000000004000000      0x5e5
 *(.text)
 .text          0x0000000004000000       0xe0 imginithead.o
                0x0000000004000000                _start
 .text          0x00000000040000e0      0x24b inithead.o
                0x000000000400012d                error
                0x0000000004000155                strcmpl
                0x000000000400017b                find_file
                0x0000000004000257                write_realintsvefile
                0x00000000040002a5                write_ldrkrlfile
                0x00000000040002f3                inithead_entry
 .text          0x000000000400032b      0x2ba vgastr.o
                0x000000000400032b                init_curs
                0x000000000400036c                numberk
                0x00000000040003db                set_curs
                0x00000000040003fe                put_one_char
                0x0000000004000419                close_curs
                0x000000000400042e                clear_screen
                0x0000000004000468                GxH_strwrite
                0x0000000004000512                strcopy
                0x0000000004000535                vsprintfk
                0x000000000400059f                kprint
                0x00000000040005e5                __end_text = .
                0x00000000040005e5                __begin_data = .

.iplt           0x00000000040005e5        0x0
 .iplt          0x00000000040005e5        0x0 imginithead.o

.text.__x86.get_pc_thunk.bx
                0x00000000040005e5        0x4
 .text.__x86.get_pc_thunk.bx
                0x00000000040005e5        0x4 inithead.o
                0x00000000040005e5                __x86.get_pc_thunk.bx

.text.__x86.get_pc_thunk.bp
                0x00000000040005e9        0x4
 .text.__x86.get_pc_thunk.bp
                0x00000000040005e9        0x4 inithead.o
                0x00000000040005e9                __x86.get_pc_thunk.bp

.text.__x86.get_pc_thunk.ax
                0x00000000040005ed        0x4
 .text.__x86.get_pc_thunk.ax
                0x00000000040005ed        0x4 vgastr.o
                0x00000000040005ed                __x86.get_pc_thunk.ax

.text.__x86.get_pc_thunk.si
                0x00000000040005f1        0x4
 .text.__x86.get_pc_thunk.si
                0x00000000040005f1        0x4 vgastr.o
                0x00000000040005f1                __x86.get_pc_thunk.si

.data           0x00000000040005f8       0x14
 *(.data)
 .data          0x00000000040005f8        0x0 inithead.o
 .data          0x00000000040005f8       0x14 vgastr.o
                0x00000000040005f8                curs
                0x000000000400060c                __end_data = .
                0x000000000400060c                __begin_rodata = .

.got            0x000000000400060c        0x0
 .got           0x000000000400060c        0x0 imginithead.o

.got.plt        0x000000000400060c        0xc
 .got.plt       0x000000000400060c        0xc imginithead.o
                0x000000000400060c                _GLOBAL_OFFSET_TABLE_

.igot.plt       0x0000000004000618        0x0
 .igot.plt      0x0000000004000618        0x0 imginithead.o

.rodata         0x0000000004000618       0x6f
 *(.rodata)
 *(.rodata.*)
 .rodata.str1.1
                0x0000000004000618       0x5e inithead.o
                                         0x7c (size before relaxing)
 .rodata.str1.1
                0x0000000004000676       0x11 vgastr.o
                0x0000000004000687                __end_rodata = .
                0x0000000004000687                __begin_kstrtab = .

.eh_frame       0x0000000004000688      0x324
 .eh_frame      0x0000000004000688      0x180 inithead.o
 .eh_frame      0x0000000004000808      0x1a4 vgastr.o
                                        0x1bc (size before relaxing)

.rel.dyn        0x00000000040009ac        0x0
 .rel.got       0x00000000040009ac        0x0 imginithead.o
 .rel.iplt      0x00000000040009ac        0x0 imginithead.o

.kstrtab
 *(.kstrtab)
                0x00000000040009ac                __end_kstrtab = .
                0x00000000040009ac                __begin_bss = .

.bss            0x00000000040009ac        0x0
 *(.bss)
 .bss           0x00000000040009ac        0x0 inithead.o
 .bss           0x00000000040009ac        0x0 vgastr.o
                0x00000000040009ac                __end_bss = .
                0x00000000040009ac                __end_ldr = .
LOAD imginithead.o
LOAD inithead.o
LOAD vgastr.o
OUTPUT(initldrimh.elf elf32-i386)

.note.GNU-stack
                0x0000000000000000        0x0
 .note.GNU-stack
                0x0000000000000000        0x0 inithead.o
 .note.GNU-stack
                0x0000000000000000        0x0 vgastr.o
